============================= test session starts =============================
platform win32 -- Python 3.13.14, pytest-9.0.3, pluggy-1.6.0 -- C:\Users\belen\AppData\Local\Microsoft\WindowsApps\PythonSoftwareFoundation.Python.3.13_qbz5n2kfra8p0\python.exe
cachedir: .pytest_cache
rootdir: C:\Proyectos\EV3_SCY1101_wine_quality
plugins: anyio-4.13.0, dash-4.2.0
collecting ... collected 3 items

tests/test_api.py::test_modelo_carga PASSED                              [ 33%]
tests/test_api.py::test_prediccion_valida PASSED                         [ 66%]
tests/test_api.py::test_prediccion_datos_incompletos PASSED              [100%]

============================== warnings summary ===============================
tests/test_api.py::test_prediccion_valida
tests/test_api.py::test_prediccion_valida
  C:\Users\belen\AppData\Local\Packages\PythonSoftwareFoundation.Python.3.13_qbz5n2kfra8p0\LocalCache\local-packages\Python313\site-packages\sklearn\utils\validation.py:2827: UserWarning: X does not have valid feature names, but RandomForestClassifier was fitted with feature names
    warnings.warn(

-- Docs: https://docs.pytest.org/en/stable/how-to/capture-warnings.html
======================== 3 passed, 2 warnings in 4.52s ========================
